-# an error o c c u r e d
{choose:# I THINK IT BROKE|{text:https://wttr.in/{url:{user}}?format=3}|{tag:667045209648932122}|{tag:742220144863917504}|We're male, we're male for the life of forever hanging. Take it all, live it on your stride.|{repeat:<@730381645139542020>|50}|{text:https://wttr.in/<@730381645139542020>?format=3}|iheartradio|{tag:786363427982453702}|@everyone there is an imposter among us|Others who use this device won’t see your activity, so you can browse more privately. This won't change how data is collected by websites you visit and the services they use, including Google. Downloads, bookmarks and reading list items will be saved.|ranbutt <@730381645139542020>|oh fucking god|{tag:798914264273300691}}
